
> nss-frontend@0.1.0 build
> react-scripts build

Creating an optimized production build...
Compiled with warnings.

[eslint] 
src\App.js
  Line 12:8:      Unexpected mix of '^' and '&'. Use parentheses to clarify the intended order of operations                                                                                                                                                                                        no-mixed-operators
  Line 12:55:     Unexpected mix of '^' and '&'. Use parentheses to clarify the intended order of operations                                                                                                                                                                                        no-mixed-operators
  Line 12:55:     Unexpected mix of '&' and '>>'. Use parentheses to clarify the intended order of operations                                                                                                                                                                                       no-mixed-operators
  Line 12:60:     Unexpected mix of '&' and '>>'. Use parentheses to clarify the intended order of operations                                                                                                                                                                                       no-mixed-operators
  Line 79:6:      React Hook useEffect has missing dependencies: 'fetchCVEs' and 'fetchSyncConfig'. Either include them or remove the dependency array                                                                                                                                              react-hooks/exhaustive-deps
  Line 397:6:     React Hook useEffect has missing dependencies: 'API_URL', 'fetchApiTemplates', 'fetchCerts', 'fetchCveSources', 'fetchCveSyncConfig', 'fetchKB', 'fetchLdap', 'fetchSnmpTemplates', 'fetchSshTemplates', and 'fetchSwitchKB'. Either include them or remove the dependency array  react-hooks/exhaustive-deps
  Line 1556:7:    'InteractionChart' is assigned a value but never used                                                                                                                                                                                                                             no-unused-vars
  Line 1594:7:    'DeviceTracker' is assigned a value but never used                                                                                                                                                                                                                                no-unused-vars
  Line 1601:10:   'isTracking' is assigned a value but never used                                                                                                                                                                                                                                   no-unused-vars
  Line 1651:6:    React Hook useEffect has missing dependencies: 'fetchDevices', 'fetchTemplates', and 'startTracking'. Either include them or remove the dependency array                                                                                                                          react-hooks/exhaustive-deps
  Line 2010:36:   React Hook useEffect has a missing dependency: 'fetchAll'. Either include it or remove the dependency array                                                                                                                                                                       react-hooks/exhaustive-deps
  Line 2251:9:    'completeScan' is assigned a value but never used                                                                                                                                                                                                                                 no-unused-vars
  Line 2336:6:    React Hook useEffect has a missing dependency: 'fetchData'. Either include it or remove the dependency array                                                                                                                                                                      react-hooks/exhaustive-deps
  Line 2349:6:    React Hook useEffect has missing dependencies: 'activeScan', 'activeScanId', and 'addScanLog'. Either include them or remove the dependency array                                                                                                                                 react-hooks/exhaustive-deps
  Line 2693:6:    React Hook useEffect has missing dependencies: 'fetchDevices', 'fetchIcons', and 'fetchTopologies'. Either include them or remove the dependency array                                                                                                                            react-hooks/exhaustive-deps
  Line 2843:9:    'onNodeMouseEnter' is assigned a value but never used                                                                                                                                                                                                                             no-unused-vars
  Line 2847:9:    'onNodeMouseLeave' is assigned a value but never used                                                                                                                                                                                                                             no-unused-vars
  Line 3496:10:   'snmpDevices' is assigned a value but never used                                                                                                                                                                                                                                  no-unused-vars
  Line 3599:6:    React Hook useEffect has a missing dependency: 'monitorDevices'. Either include it or remove the dependency array                                                                                                                                                                 react-hooks/exhaustive-deps
  Line 3722:9:    'handleUpdateDevice' is assigned a value but never used                                                                                                                                                                                                                           no-unused-vars
  Line 3731:9:    'handleDeleteDevice' is assigned a value but never used                                                                                                                                                                                                                           no-unused-vars
  Line 3744:6:    React Hook useEffect has a missing dependency: 'selectedScanDeviceId'. Either include it or remove the dependency array                                                                                                                                                           react-hooks/exhaustive-deps
  Line 4023:6:    React Hook useEffect has a missing dependency: 'fetchHistory'. Either include it or remove the dependency array                                                                                                                                                                   react-hooks/exhaustive-deps
  Line 4031:6:    React Hook useEffect has a missing dependency: 'fetchHistory'. Either include it or remove the dependency array                                                                                                                                                                   react-hooks/exhaustive-deps
  Line 4135:6:    React Hook useEffect has a missing dependency: 'fetchLatestMetrics'. Either include it or remove the dependency array                                                                                                                                                             react-hooks/exhaustive-deps
  Line 4558:103:  Unexpected mix of '|' and '>>>'. Use parentheses to clarify the intended order of operations                                                                                                                                                                                      no-mixed-operators
  Line 4558:117:  Unexpected mix of '|' and '>>>'. Use parentheses to clarify the intended order of operations                                                                                                                                                                                      no-mixed-operators

Search for the keywords to learn more about each warning.
To ignore, add // eslint-disable-next-line to the line before.

File sizes after gzip:

  208.6 kB  build\static\js\main.bf1e2ab0.js
  3.31 kB   build\static\css\main.2ba32826.css

The project was built assuming it is hosted at /.
You can control this with the homepage field in your package.json.

The build folder is ready to be deployed.
You may serve it with a static server:

  npm install -g serve
  serve -s build

Find out more about deployment here:

  https://cra.link/deployment

